// Jest Snapshot v1, https://goo.gl/fbAQLP

exports[`snapshots match snapshot when status is success 1`] = `
<BrowserRouter>
  <Layout>
    <Switch>
      <Route
        component={[Function]}
        path="/home"
      />
      <Route
        component={
          Object {
            "$$typeof": Symbol(react.memo),
            "WrappedComponent": [Function],
            "compare": null,
            "displayName": "Connect(Downloader)",
            "type": [Function],
          }
        }
        path="/downloader"
      />
      <Route
        component={
          Object {
            "$$typeof": Symbol(react.memo),
            "WrappedComponent": [Function],
            "compare": null,
            "displayName": "Connect(SignIn)",
            "type": [Function],
          }
        }
        path="/sign-in"
      />
      <Redirect
        push={true}
        to="/home"
      />
    </Switch>
  </Layout>
</BrowserRouter>
`;
